no existe la columna «type» en la relación «material_locations»2026-08-24T23:38:17.745Z\nMessage: Validation error: Validation is on internal_code failed\nStack: SequelizeValidationError: Validation error: Validation is on internal_code failed
    at InstanceValidator._validate (C:\Users\maicr\OneDrive\Desktop\Demo\backend\node_modules\sequelize\lib\instance-validator.js:50:13)
    at process.processTicksAndRejections (node:internal/process/task_queues:104:5)
    at async InstanceValidator._validateAndRunHooks (C:\Users\maicr\OneDrive\Desktop\Demo\backend\node_modules\sequelize\lib\instance-validator.js:60:7)
    at async InstanceValidator.validate (C:\Users\maicr\OneDrive\Desktop\Demo\backend\node_modules\sequelize\lib\instance-validator.js:54:12)
    at async model.save (C:\Users\maicr\OneDrive\Desktop\Demo\backend\node_modules\sequelize\lib\model.js:2426:7)
    at async Material.create (C:\Users\maicr\OneDrive\Desktop\Demo\backend\node_modules\sequelize\lib\model.js:1362:12)
    at async MaterialCrudService.create (C:\Users\maicr\OneDrive\Desktop\Demo\backend\src\modules\materials\material\material.crud.service.js:79:12)
    at async create (C:\Users\maicr\OneDrive\Desktop\Demo\backend\src\modules\materials\material\material.controller.js:16:18)\n\n2026-08-24T23:38:19.629Z\nMessage: Validation error: Validation is on internal_code failed\nStack: SequelizeValidationError: Validation error: Validation is on internal_code failed
    at InstanceValidator._validate (C:\Users\maicr\OneDrive\Desktop\Demo\backend\node_modules\sequelize\lib\instance-validator.js:50:13)
    at process.processTicksAndRejections (node:internal/process/task_queues:104:5)
    at async InstanceValidator._validateAndRunHooks (C:\Users\maicr\OneDrive\Desktop\Demo\backend\node_modules\sequelize\lib\instance-validator.js:60:7)
    at async InstanceValidator.validate (C:\Users\maicr\OneDrive\Desktop\Demo\backend\node_modules\sequelize\lib\instance-validator.js:54:12)
    at async model.save (C:\Users\maicr\OneDrive\Desktop\Demo\backend\node_modules\sequelize\lib\model.js:2426:7)
    at async Material.create (C:\Users\maicr\OneDrive\Desktop\Demo\backend\node_modules\sequelize\lib\model.js:1362:12)
    at async MaterialCrudService.create (C:\Users\maicr\OneDrive\Desktop\Demo\backend\src\modules\materials\material\material.crud.service.js:79:12)
    at async create (C:\Users\maicr\OneDrive\Desktop\Demo\backend\src\modules\materials\material\material.controller.js:16:18)\n\n2026-08-25T01:21:24.878Z\nMessage: la sintaxis de entrada no es válida para tipo uuid: «1187»\nStack: Error
    at Query.run (C:\Users\maicr\OneDrive\Desktop\Demo\backend\node_modules\sequelize\lib\dialects\postgres\query.js:50:25)
    at C:\Users\maicr\OneDrive\Desktop\Demo\backend\node_modules\sequelize\lib\sequelize.js:315:28
    at process.processTicksAndRejections (node:internal/process/task_queues:104:5)
    at async PostgresQueryInterface.select (C:\Users\maicr\OneDrive\Desktop\Demo\backend\node_modules\sequelize\lib\dialects\abstract\query-interface.js:407:12)
    at async Material.findAll (C:\Users\maicr\OneDrive\Desktop\Demo\backend\node_modules\sequelize\lib\model.js:1140:21)
    at async Material.findOne (C:\Users\maicr\OneDrive\Desktop\Demo\backend\node_modules\sequelize\lib\model.js:1240:12)
    at async MaterialCrudService.update (C:\Users\maicr\OneDrive\Desktop\Demo\backend\src\modules\materials\material\material.crud.service.js:83:22)
    at async update (C:\Users\maicr\OneDrive\Desktop\Demo\backend\src\modules\materials\material\material.controller.js:21:18)\n\n2026-08-25T01:21:27.123Z\nMessage: la sintaxis de entrada no es válida para tipo uuid: «1187»\nStack: Error
    at Query.run (C:\Users\maicr\OneDrive\Desktop\Demo\backend\node_modules\sequelize\lib\dialects\postgres\query.js:50:25)
    at C:\Users\maicr\OneDrive\Desktop\Demo\backend\node_modules\sequelize\lib\sequelize.js:315:28
    at process.processTicksAndRejections (node:internal/process/task_queues:104:5)
    at async PostgresQueryInterface.select (C:\Users\maicr\OneDrive\Desktop\Demo\backend\node_modules\sequelize\lib\dialects\abstract\query-interface.js:407:12)
    at async Material.findAll (C:\Users\maicr\OneDrive\Desktop\Demo\backend\node_modules\sequelize\lib\model.js:1140:21)
    at async Material.findOne (C:\Users\maicr\OneDrive\Desktop\Demo\backend\node_modules\sequelize\lib\model.js:1240:12)
    at async MaterialCrudService.update (C:\Users\maicr\OneDrive\Desktop\Demo\backend\src\modules\materials\material\material.crud.service.js:83:22)
    at async update (C:\Users\maicr\OneDrive\Desktop\Demo\backend\src\modules\materials\material\material.controller.js:21:18)\n\n2026-08-25T01:21:27.458Z\nMessage: la sintaxis de entrada no es válida para tipo uuid: «1187»\nStack: Error
    at Query.run (C:\Users\maicr\OneDrive\Desktop\Demo\backend\node_modules\sequelize\lib\dialects\postgres\query.js:50:25)
    at C:\Users\maicr\OneDrive\Desktop\Demo\backend\node_modules\sequelize\lib\sequelize.js:315:28
    at process.processTicksAndRejections (node:internal/process/task_queues:104:5)
    at async PostgresQueryInterface.select (C:\Users\maicr\OneDrive\Desktop\Demo\backend\node_modules\sequelize\lib\dialects\abstract\query-interface.js:407:12)
    at async Material.findAll (C:\Users\maicr\OneDrive\Desktop\Demo\backend\node_modules\sequelize\lib\model.js:1140:21)
    at async Material.findOne (C:\Users\maicr\OneDrive\Desktop\Demo\backend\node_modules\sequelize\lib\model.js:1240:12)
    at async MaterialCrudService.update (C:\Users\maicr\OneDrive\Desktop\Demo\backend\src\modules\materials\material\material.crud.service.js:83:22)
    at async update (C:\Users\maicr\OneDrive\Desktop\Demo\backend\src\modules\materials\material\material.controller.js:21:18)\n\n2026-08-25T01:21:28.085Z\nMessage: la sintaxis de entrada no es válida para tipo uuid: «1187»\nStack: Error
    at Query.run (C:\Users\maicr\OneDrive\Desktop\Demo\backend\node_modules\sequelize\lib\dialects\postgres\query.js:50:25)
    at C:\Users\maicr\OneDrive\Desktop\Demo\backend\node_modules\sequelize\lib\sequelize.js:315:28
    at process.processTicksAndRejections (node:internal/process/task_queues:104:5)
    at async PostgresQueryInterface.select (C:\Users\maicr\OneDrive\Desktop\Demo\backend\node_modules\sequelize\lib\dialects\abstract\query-interface.js:407:12)
    at async Material.findAll (C:\Users\maicr\OneDrive\Desktop\Demo\backend\node_modules\sequelize\lib\model.js:1140:21)
    at async Material.findOne (C:\Users\maicr\OneDrive\Desktop\Demo\backend\node_modules\sequelize\lib\model.js:1240:12)
    at async MaterialCrudService.update (C:\Users\maicr\OneDrive\Desktop\Demo\backend\src\modules\materials\material\material.crud.service.js:83:22)
    at async update (C:\Users\maicr\OneDrive\Desktop\Demo\backend\src\modules\materials\material\material.controller.js:21:18)\n\n2026-08-25T01:21:34.425Z\nMessage: la sintaxis de entrada no es válida para tipo uuid: «1187»\nStack: Error
    at Query.run (C:\Users\maicr\OneDrive\Desktop\Demo\backend\node_modules\sequelize\lib\dialects\postgres\query.js:50:25)
    at C:\Users\maicr\OneDrive\Desktop\Demo\backend\node_modules\sequelize\lib\sequelize.js:315:28
    at process.processTicksAndRejections (node:internal/process/task_queues:104:5)
    at async PostgresQueryInterface.select (C:\Users\maicr\OneDrive\Desktop\Demo\backend\node_modules\sequelize\lib\dialects\abstract\query-interface.js:407:12)
    at async Material.findAll (C:\Users\maicr\OneDrive\Desktop\Demo\backend\node_modules\sequelize\lib\model.js:1140:21)
    at async Material.findOne (C:\Users\maicr\OneDrive\Desktop\Demo\backend\node_modules\sequelize\lib\model.js:1240:12)
    at async MaterialCrudService.update (C:\Users\maicr\OneDrive\Desktop\Demo\backend\src\modules\materials\material\material.crud.service.js:83:22)
    at async update (C:\Users\maicr\OneDrive\Desktop\Demo\backend\src\modules\materials\material\material.controller.js:21:18)\n\n2026-08-25T04:32:00.322Z\nMessage: Invalid time value\nStack: RangeError: Invalid time value
    at Date.toISOString (<anonymous>)
    at Object.getDashboardMetrics (C:\Users\maicr\OneDrive\Desktop\Demo\backend\src\modules\warehouse\warehouse.service.js:295:27)
    at process.processTicksAndRejections (node:internal/process/task_queues:104:5)
    at async getDashboardMetrics (C:\Users\maicr\OneDrive\Desktop\Demo\backend\src\modules\warehouse\warehouse.controller.js:60:20)\n\n2026-08-25T04:32:01.385Z\nMessage: Invalid time value\nStack: RangeError: Invalid time value
    at Date.toISOString (<anonymous>)
    at Object.getDashboardMetrics (C:\Users\maicr\OneDrive\Desktop\Demo\backend\src\modules\warehouse\warehouse.service.js:295:27)
    at process.processTicksAndRejections (node:internal/process/task_queues:104:5)
    at async getDashboardMetrics (C:\Users\maicr\OneDrive\Desktop\Demo\backend\src\modules\warehouse\warehouse.controller.js:60:20)\n\n2026-08-25T04:32:03.436Z\nMessage: Invalid time value\nStack: RangeError: Invalid time value
    at Date.toISOString (<anonymous>)
    at Object.getDashboardMetrics (C:\Users\maicr\OneDrive\Desktop\Demo\backend\src\modules\warehouse\warehouse.service.js:295:27)
    at process.processTicksAndRejections (node:internal/process/task_queues:104:5)
    at async getDashboardMetrics (C:\Users\maicr\OneDrive\Desktop\Demo\backend\src\modules\warehouse\warehouse.controller.js:60:20)\n\n2026-08-25T04:32:13.156Z\nMessage: Invalid time value\nStack: RangeError: Invalid time value
    at Date.toISOString (<anonymous>)
    at Object.getDashboardMetrics (C:\Users\maicr\OneDrive\Desktop\Demo\backend\src\modules\warehouse\warehouse.service.js:295:27)
    at process.processTicksAndRejections (node:internal/process/task_queues:104:5)
    at async getDashboardMetrics (C:\Users\maicr\OneDrive\Desktop\Demo\backend\src\modules\warehouse\warehouse.controller.js:60:20)\n\n2026-08-25T04:32:14.477Z\nMessage: Invalid time value\nStack: RangeError: Invalid time value
    at Date.toISOString (<anonymous>)
    at Object.getDashboardMetrics (C:\Users\maicr\OneDrive\Desktop\Demo\backend\src\modules\warehouse\warehouse.service.js:295:27)
    at process.processTicksAndRejections (node:internal/process/task_queues:104:5)
    at async getDashboardMetrics (C:\Users\maicr\OneDrive\Desktop\Demo\backend\src\modules\warehouse\warehouse.controller.js:60:20)\n\n2026-08-25T04:32:16.630Z\nMessage: Invalid time value\nStack: RangeError: Invalid time value
    at Date.toISOString (<anonymous>)
    at Object.getDashboardMetrics (C:\Users\maicr\OneDrive\Desktop\Demo\backend\src\modules\warehouse\warehouse.service.js:295:27)
    at process.processTicksAndRejections (node:internal/process/task_queues:104:5)
    at async getDashboardMetrics (C:\Users\maicr\OneDrive\Desktop\Demo\backend\src\modules\warehouse\warehouse.controller.js:60:20)\n\n2026-08-25T15:54:29.056Z\nMessage: Material is associated to Lote using an alias. You must use the 'as' keyword to specify the alias within your include statement.\nStack: SequelizeEagerLoadingError: Material is associated to Lote using an alias. You must use the 'as' keyword to specify the alias within your include statement.
    at Lote._getIncludedAssociation (C:\Users\maicr\OneDrive\Desktop\Demo\backend\node_modules\sequelize\lib\model.js:576:13)
    at Lote._validateIncludedElement (C:\Users\maicr\OneDrive\Desktop\Demo\backend\node_modules\sequelize\lib\model.js:502:53)
    at C:\Users\maicr\OneDrive\Desktop\Demo\backend\node_modules\sequelize\lib\model.js:421:37
    at Array.map (<anonymous>)
    at Lote._validateIncludedElements (C:\Users\maicr\OneDrive\Desktop\Demo\backend\node_modules\sequelize\lib\model.js:417:39)
    at Lote.findAll (C:\Users\maicr\OneDrive\Desktop\Demo\backend\node_modules\sequelize\lib\model.js:1124:12)
    at process.processTicksAndRejections (node:internal/process/task_queues:104:5)
    at async C:\Users\maicr\OneDrive\Desktop\Demo\backend\src\modules\warehouse\warehouse.service.js:200:27
    at async C:\Users\maicr\OneDrive\Desktop\Demo\backend\node_modules\sequelize\lib\sequelize.js:507:18
    at async Object.changeLocation (C:\Users\maicr\OneDrive\Desktop\Demo\backend\src\modules\warehouse\warehouse.service.js:196:10)\n\n2026-08-30T20:01:59.007Z\nMessage: la sintaxis de entrada no es válida para tipo uuid: «codes»\nStack: Error
    at Query.run (C:\Users\maicr\OneDrive\Desktop\Demo\backend\node_modules\sequelize\lib\dialects\postgres\query.js:50:25)
    at C:\Users\maicr\OneDrive\Desktop\Demo\backend\node_modules\sequelize\lib\sequelize.js:315:28
    at process.processTicksAndRejections (node:internal/process/task_queues:104:5)
    at async PostgresQueryInterface.select (C:\Users\maicr\OneDrive\Desktop\Demo\backend\node_modules\sequelize\lib\dialects\abstract\query-interface.js:407:12)
    at async Material.findAll (C:\Users\maicr\OneDrive\Desktop\Demo\backend\node_modules\sequelize\lib\model.js:1140:21)
    at async Material.findOne (C:\Users\maicr\OneDrive\Desktop\Demo\backend\node_modules\sequelize\lib\model.js:1240:12)
    at async MaterialSearchService.getByUuid (C:\Users\maicr\OneDrive\Desktop\Demo\backend\src\modules\materials\material\material.search.service.js:86:22)
    at async getByUuid (C:\Users\maicr\OneDrive\Desktop\Demo\backend\src\modules\materials\material\material.controller.js:11:18)\n\n2026-09-01T01:28:44.899Z\nMessage: User is not associated to InventoryMovement!\nStack: SequelizeEagerLoadingError: User is not associated to InventoryMovement!
    at InventoryMovement._getIncludedAssociation (C:\Users\maicr\OneDrive\Desktop\Demo\backend\node_modules\sequelize\lib\model.js:565:13)
    at InventoryMovement._validateIncludedElement (C:\Users\maicr\OneDrive\Desktop\Demo\backend\node_modules\sequelize\lib\model.js:502:53)
    at C:\Users\maicr\OneDrive\Desktop\Demo\backend\node_modules\sequelize\lib\model.js:421:37
    at Array.map (<anonymous>)
    at InventoryMovement._validateIncludedElements (C:\Users\maicr\OneDrive\Desktop\Demo\backend\node_modules\sequelize\lib\model.js:417:39)
    at InventoryMovement.findAll (C:\Users\maicr\OneDrive\Desktop\Demo\backend\node_modules\sequelize\lib\model.js:1124:12)
    at process.processTicksAndRejections (node:internal/process/task_queues:104:5)
    at async Object.getMermaScrapDetails (C:\Users\maicr\OneDrive\Desktop\Demo\backend\src\modules\warehouse\warehouse.service.js:563:21)
    at async getMermaScrapDetails (C:\Users\maicr\OneDrive\Desktop\Demo\backend\src\modules\warehouse\warehouse.controller.js:93:20)\n\n2026-09-01T01:28:46.019Z\nMessage: User is not associated to InventoryMovement!\nStack: SequelizeEagerLoadingError: User is not associated to InventoryMovement!
    at InventoryMovement._getIncludedAssociation (C:\Users\maicr\OneDrive\Desktop\Demo\backend\node_modules\sequelize\lib\model.js:565:13)
    at InventoryMovement._validateIncludedElement (C:\Users\maicr\OneDrive\Desktop\Demo\backend\node_modules\sequelize\lib\model.js:502:53)
    at C:\Users\maicr\OneDrive\Desktop\Demo\backend\node_modules\sequelize\lib\model.js:421:37
    at Array.map (<anonymous>)
    at InventoryMovement._validateIncludedElements (C:\Users\maicr\OneDrive\Desktop\Demo\backend\node_modules\sequelize\lib\model.js:417:39)
    at InventoryMovement.findAll (C:\Users\maicr\OneDrive\Desktop\Demo\backend\node_modules\sequelize\lib\model.js:1124:12)
    at process.processTicksAndRejections (node:internal/process/task_queues:104:5)
    at async Object.getMermaScrapDetails (C:\Users\maicr\OneDrive\Desktop\Demo\backend\src\modules\warehouse\warehouse.service.js:563:21)
    at async getMermaScrapDetails (C:\Users\maicr\OneDrive\Desktop\Demo\backend\src\modules\warehouse\warehouse.controller.js:93:20)\n\n2026-09-01T01:28:48.099Z\nMessage: User is not associated to InventoryMovement!\nStack: SequelizeEagerLoadingError: User is not associated to InventoryMovement!
    at InventoryMovement._getIncludedAssociation (C:\Users\maicr\OneDrive\Desktop\Demo\backend\node_modules\sequelize\lib\model.js:565:13)
    at InventoryMovement._validateIncludedElement (C:\Users\maicr\OneDrive\Desktop\Demo\backend\node_modules\sequelize\lib\model.js:502:53)
    at C:\Users\maicr\OneDrive\Desktop\Demo\backend\node_modules\sequelize\lib\model.js:421:37
    at Array.map (<anonymous>)
    at InventoryMovement._validateIncludedElements (C:\Users\maicr\OneDrive\Desktop\Demo\backend\node_modules\sequelize\lib\model.js:417:39)
    at InventoryMovement.findAll (C:\Users\maicr\OneDrive\Desktop\Demo\backend\node_modules\sequelize\lib\model.js:1124:12)
    at process.processTicksAndRejections (node:internal/process/task_queues:104:5)
    at async Object.getMermaScrapDetails (C:\Users\maicr\OneDrive\Desktop\Demo\backend\src\modules\warehouse\warehouse.service.js:563:21)
    at async getMermaScrapDetails (C:\Users\maicr\OneDrive\Desktop\Demo\backend\src\modules\warehouse\warehouse.controller.js:93:20)\n\n2026-09-01T01:30:43.811Z\nMessage: User is not associated to InventoryMovement!\nStack: SequelizeEagerLoadingError: User is not associated to InventoryMovement!
    at InventoryMovement._getIncludedAssociation (C:\Users\maicr\OneDrive\Desktop\Demo\backend\node_modules\sequelize\lib\model.js:565:13)
    at InventoryMovement._validateIncludedElement (C:\Users\maicr\OneDrive\Desktop\Demo\backend\node_modules\sequelize\lib\model.js:502:53)
    at C:\Users\maicr\OneDrive\Desktop\Demo\backend\node_modules\sequelize\lib\model.js:421:37
    at Array.map (<anonymous>)
    at InventoryMovement._validateIncludedElements (C:\Users\maicr\OneDrive\Desktop\Demo\backend\node_modules\sequelize\lib\model.js:417:39)
    at InventoryMovement.findAll (C:\Users\maicr\OneDrive\Desktop\Demo\backend\node_modules\sequelize\lib\model.js:1124:12)
    at process.processTicksAndRejections (node:internal/process/task_queues:104:5)
    at async Object.getMermaScrapDetails (C:\Users\maicr\OneDrive\Desktop\Demo\backend\src\modules\warehouse\warehouse.service.js:563:21)
    at async getMermaScrapDetails (C:\Users\maicr\OneDrive\Desktop\Demo\backend\src\modules\warehouse\warehouse.controller.js:93:20)\n\n2026-09-01T01:30:44.903Z\nMessage: User is not associated to InventoryMovement!\nStack: SequelizeEagerLoadingError: User is not associated to InventoryMovement!
    at InventoryMovement._getIncludedAssociation (C:\Users\maicr\OneDrive\Desktop\Demo\backend\node_modules\sequelize\lib\model.js:565:13)
    at InventoryMovement._validateIncludedElement (C:\Users\maicr\OneDrive\Desktop\Demo\backend\node_modules\sequelize\lib\model.js:502:53)
    at C:\Users\maicr\OneDrive\Desktop\Demo\backend\node_modules\sequelize\lib\model.js:421:37
    at Array.map (<anonymous>)
    at InventoryMovement._validateIncludedElements (C:\Users\maicr\OneDrive\Desktop\Demo\backend\node_modules\sequelize\lib\model.js:417:39)
    at InventoryMovement.findAll (C:\Users\maicr\OneDrive\Desktop\Demo\backend\node_modules\sequelize\lib\model.js:1124:12)
    at process.processTicksAndRejections (node:internal/process/task_queues:104:5)
    at async Object.getMermaScrapDetails (C:\Users\maicr\OneDrive\Desktop\Demo\backend\src\modules\warehouse\warehouse.service.js:563:21)
    at async getMermaScrapDetails (C:\Users\maicr\OneDrive\Desktop\Demo\backend\src\modules\warehouse\warehouse.controller.js:93:20)\n\n2026-09-01T01:30:46.990Z\nMessage: User is not associated to InventoryMovement!\nStack: SequelizeEagerLoadingError: User is not associated to InventoryMovement!
    at InventoryMovement._getIncludedAssociation (C:\Users\maicr\OneDrive\Desktop\Demo\backend\node_modules\sequelize\lib\model.js:565:13)
    at InventoryMovement._validateIncludedElement (C:\Users\maicr\OneDrive\Desktop\Demo\backend\node_modules\sequelize\lib\model.js:502:53)
    at C:\Users\maicr\OneDrive\Desktop\Demo\backend\node_modules\sequelize\lib\model.js:421:37
    at Array.map (<anonymous>)
    at InventoryMovement._validateIncludedElements (C:\Users\maicr\OneDrive\Desktop\Demo\backend\node_modules\sequelize\lib\model.js:417:39)
    at InventoryMovement.findAll (C:\Users\maicr\OneDrive\Desktop\Demo\backend\node_modules\sequelize\lib\model.js:1124:12)
    at process.processTicksAndRejections (node:internal/process/task_queues:104:5)
    at async Object.getMermaScrapDetails (C:\Users\maicr\OneDrive\Desktop\Demo\backend\src\modules\warehouse\warehouse.service.js:563:21)
    at async getMermaScrapDetails (C:\Users\maicr\OneDrive\Desktop\Demo\backend\src\modules\warehouse\warehouse.controller.js:93:20)\n\n2026-09-01T01:31:22.031Z\nMessage: User is not associated to InventoryMovement!\nStack: SequelizeEagerLoadingError: User is not associated to InventoryMovement!
    at InventoryMovement._getIncludedAssociation (C:\Users\maicr\OneDrive\Desktop\Demo\backend\node_modules\sequelize\lib\model.js:565:13)
    at InventoryMovement._validateIncludedElement (C:\Users\maicr\OneDrive\Desktop\Demo\backend\node_modules\sequelize\lib\model.js:502:53)
    at C:\Users\maicr\OneDrive\Desktop\Demo\backend\node_modules\sequelize\lib\model.js:421:37
    at Array.map (<anonymous>)
    at InventoryMovement._validateIncludedElements (C:\Users\maicr\OneDrive\Desktop\Demo\backend\node_modules\sequelize\lib\model.js:417:39)
    at InventoryMovement.findAll (C:\Users\maicr\OneDrive\Desktop\Demo\backend\node_modules\sequelize\lib\model.js:1124:12)
    at process.processTicksAndRejections (node:internal/process/task_queues:104:5)
    at async Object.getMermaScrapDetails (C:\Users\maicr\OneDrive\Desktop\Demo\backend\src\modules\warehouse\warehouse.service.js:563:21)
    at async getMermaScrapDetails (C:\Users\maicr\OneDrive\Desktop\Demo\backend\src\modules\warehouse\warehouse.controller.js:93:20)\n\n2026-09-01T01:31:23.237Z\nMessage: User is not associated to InventoryMovement!\nStack: SequelizeEagerLoadingError: User is not associated to InventoryMovement!
    at InventoryMovement._getIncludedAssociation (C:\Users\maicr\OneDrive\Desktop\Demo\backend\node_modules\sequelize\lib\model.js:565:13)
    at InventoryMovement._validateIncludedElement (C:\Users\maicr\OneDrive\Desktop\Demo\backend\node_modules\sequelize\lib\model.js:502:53)
    at C:\Users\maicr\OneDrive\Desktop\Demo\backend\node_modules\sequelize\lib\model.js:421:37
    at Array.map (<anonymous>)
    at InventoryMovement._validateIncludedElements (C:\Users\maicr\OneDrive\Desktop\Demo\backend\node_modules\sequelize\lib\model.js:417:39)
    at InventoryMovement.findAll (C:\Users\maicr\OneDrive\Desktop\Demo\backend\node_modules\sequelize\lib\model.js:1124:12)
    at process.processTicksAndRejections (node:internal/process/task_queues:104:5)
    at async Object.getMermaScrapDetails (C:\Users\maicr\OneDrive\Desktop\Demo\backend\src\modules\warehouse\warehouse.service.js:563:21)
    at async getMermaScrapDetails (C:\Users\maicr\OneDrive\Desktop\Demo\backend\src\modules\warehouse\warehouse.controller.js:93:20)\n\n2026-09-01T13:49:37.490Z\nMessage: llave duplicada viola restricción de unicidad «material_units_code_key»\nStack: Error
    at Query.run (C:\Users\maicr\OneDrive\Desktop\Demo\backend\node_modules\sequelize\lib\dialects\postgres\query.js:50:25)
    at C:\Users\maicr\OneDrive\Desktop\Demo\backend\node_modules\sequelize\lib\sequelize.js:315:28
    at process.processTicksAndRejections (node:internal/process/task_queues:104:5)
    at async PostgresQueryInterface.insert (C:\Users\maicr\OneDrive\Desktop\Demo\backend\node_modules\sequelize\lib\dialects\abstract\query-interface.js:308:21)
    at async model.save (C:\Users\maicr\OneDrive\Desktop\Demo\backend\node_modules\sequelize\lib\model.js:2490:35)
    at async MaterialUnit.create (C:\Users\maicr\OneDrive\Desktop\Demo\backend\node_modules\sequelize\lib\model.js:1362:12)
    at async MaterialUnitService.create (C:\Users\maicr\OneDrive\Desktop\Demo\backend\src\services\BaseCatalogService.js:65:12)
    at async create (C:\Users\maicr\OneDrive\Desktop\Demo\backend\src\modules\materials\materialUnit\materialUnit.controller.js:15:18)\n\n2026-09-01T13:49:39.041Z\nMessage: llave duplicada viola restricción de unicidad «material_units_code_key»\nStack: Error
    at Query.run (C:\Users\maicr\OneDrive\Desktop\Demo\backend\node_modules\sequelize\lib\dialects\postgres\query.js:50:25)
    at C:\Users\maicr\OneDrive\Desktop\Demo\backend\node_modules\sequelize\lib\sequelize.js:315:28
    at process.processTicksAndRejections (node:internal/process/task_queues:104:5)
    at async PostgresQueryInterface.insert (C:\Users\maicr\OneDrive\Desktop\Demo\backend\node_modules\sequelize\lib\dialects\abstract\query-interface.js:308:21)
    at async model.save (C:\Users\maicr\OneDrive\Desktop\Demo\backend\node_modules\sequelize\lib\model.js:2490:35)
    at async MaterialUnit.create (C:\Users\maicr\OneDrive\Desktop\Demo\backend\node_modules\sequelize\lib\model.js:1362:12)
    at async MaterialUnitService.create (C:\Users\maicr\OneDrive\Desktop\Demo\backend\src\services\BaseCatalogService.js:65:12)
    at async create (C:\Users\maicr\OneDrive\Desktop\Demo\backend\src\modules\materials\materialUnit\materialUnit.controller.js:15:18)\n\n2026-09-20T21:39:10.087Z\nMessage: no existe la columna «deleted_at»\nStack: Error
    at Query.run (C:\Users\maicr\OneDrive\Desktop\Demo\backend\node_modules\sequelize\lib\dialects\postgres\query.js:50:25)
    at C:\Users\maicr\OneDrive\Desktop\Demo\backend\node_modules\sequelize\lib\sequelize.js:315:28
    at process.processTicksAndRejections (node:internal/process/task_queues:104:5)
    at async Object.getDashboardMetrics (C:\Users\maicr\OneDrive\Desktop\Demo\backend\src\modules\warehouse\warehouse.service.js:340:28)
    at async getDashboardMetrics (C:\Users\maicr\OneDrive\Desktop\Demo\backend\src\modules\warehouse\warehouse.controller.js:60:20)\n\n2026-09-20T21:40:14.364Z\nMessage: no existe la columna «deleted_at»\nStack: Error
    at Query.run (C:\Users\maicr\OneDrive\Desktop\Demo\backend\node_modules\sequelize\lib\dialects\postgres\query.js:50:25)
    at C:\Users\maicr\OneDrive\Desktop\Demo\backend\node_modules\sequelize\lib\sequelize.js:315:28
    at process.processTicksAndRejections (node:internal/process/task_queues:104:5)
    at async Object.getDashboardMetrics (C:\Users\maicr\OneDrive\Desktop\Demo\backend\src\modules\warehouse\warehouse.service.js:340:28)
    at async getDashboardMetrics (C:\Users\maicr\OneDrive\Desktop\Demo\backend\src\modules\warehouse\warehouse.controller.js:60:20)\n\n2026-09-20T21:41:11.179Z\nMessage: no existe la columna «deleted_at»\nStack: Error
    at Query.run (C:\Users\maicr\OneDrive\Desktop\Demo\backend\node_modules\sequelize\lib\dialects\postgres\query.js:50:25)
    at C:\Users\maicr\OneDrive\Desktop\Demo\backend\node_modules\sequelize\lib\sequelize.js:315:28
    at process.processTicksAndRejections (node:internal/process/task_queues:104:5)
    at async Object.getDashboardMetrics (C:\Users\maicr\OneDrive\Desktop\Demo\backend\src\modules\warehouse\warehouse.service.js:340:28)
    at async getDashboardMetrics (C:\Users\maicr\OneDrive\Desktop\Demo\backend\src\modules\warehouse\warehouse.controller.js:60:20)\n\n2026-09-23T01:49:33.537Z\nMessage: decryptQrData is not defined\nStack: ReferenceError: decryptQrData is not defined
    at lookup (C:\Users\maicr\OneDrive\Desktop\Demo\backend\src\modules\qrcodes\qrcodes.controller.js:240:25)
    at Layer.handleRequest (C:\Users\maicr\OneDrive\Desktop\Demo\backend\node_modules\router\lib\layer.js:152:17)
    at next (C:\Users\maicr\OneDrive\Desktop\Demo\backend\node_modules\router\lib\route.js:157:13)
    at C:\Users\maicr\OneDrive\Desktop\Demo\backend\src\middlewares\permission.middleware.js:25:12
    at Layer.handleRequest (C:\Users\maicr\OneDrive\Desktop\Demo\backend\node_modules\router\lib\layer.js:152:17)
    at next (C:\Users\maicr\OneDrive\Desktop\Demo\backend\node_modules\router\lib\route.js:157:13)
    at Route.dispatch (C:\Users\maicr\OneDrive\Desktop\Demo\backend\node_modules\router\lib\route.js:117:3)
    at handle (C:\Users\maicr\OneDrive\Desktop\Demo\backend\node_modules\router\index.js:435:11)
    at Layer.handleRequest (C:\Users\maicr\OneDrive\Desktop\Demo\backend\node_modules\router\lib\layer.js:152:17)
    at C:\Users\maicr\OneDrive\Desktop\Demo\backend\node_modules\router\index.js:295:15\n\n2026-09-23T01:53:52.709Z\nMessage: decryptQrData is not defined\nStack: ReferenceError: decryptQrData is not defined
    at lookup (C:\Users\maicr\OneDrive\Desktop\Demo\backend\src\modules\qrcodes\qrcodes.controller.js:240:25)
    at Layer.handleRequest (C:\Users\maicr\OneDrive\Desktop\Demo\backend\node_modules\router\lib\layer.js:152:17)
    at next (C:\Users\maicr\OneDrive\Desktop\Demo\backend\node_modules\router\lib\route.js:157:13)
    at C:\Users\maicr\OneDrive\Desktop\Demo\backend\src\middlewares\permission.middleware.js:25:12
    at Layer.handleRequest (C:\Users\maicr\OneDrive\Desktop\Demo\backend\node_modules\router\lib\layer.js:152:17)
    at next (C:\Users\maicr\OneDrive\Desktop\Demo\backend\node_modules\router\lib\route.js:157:13)
    at Route.dispatch (C:\Users\maicr\OneDrive\Desktop\Demo\backend\node_modules\router\lib\route.js:117:3)
    at handle (C:\Users\maicr\OneDrive\Desktop\Demo\backend\node_modules\router\index.js:435:11)
    at Layer.handleRequest (C:\Users\maicr\OneDrive\Desktop\Demo\backend\node_modules\router\lib\layer.js:152:17)
    at C:\Users\maicr\OneDrive\Desktop\Demo\backend\node_modules\router\index.js:295:15\n\n2026-09-23T02:54:38.607Z\nMessage: decryptQrData is not defined\nStack: ReferenceError: decryptQrData is not defined
    at lookup (C:\Users\maicr\OneDrive\Desktop\Demo\backend\src\modules\qrcodes\qrcodes.controller.js:240:25)
    at Layer.handleRequest (C:\Users\maicr\OneDrive\Desktop\Demo\backend\node_modules\router\lib\layer.js:152:17)
    at next (C:\Users\maicr\OneDrive\Desktop\Demo\backend\node_modules\router\lib\route.js:157:13)
    at C:\Users\maicr\OneDrive\Desktop\Demo\backend\src\middlewares\permission.middleware.js:25:12
    at Layer.handleRequest (C:\Users\maicr\OneDrive\Desktop\Demo\backend\node_modules\router\lib\layer.js:152:17)
    at next (C:\Users\maicr\OneDrive\Desktop\Demo\backend\node_modules\router\lib\route.js:157:13)
    at Route.dispatch (C:\Users\maicr\OneDrive\Desktop\Demo\backend\node_modules\router\lib\route.js:117:3)
    at handle (C:\Users\maicr\OneDrive\Desktop\Demo\backend\node_modules\router\index.js:435:11)
    at Layer.handleRequest (C:\Users\maicr\OneDrive\Desktop\Demo\backend\node_modules\router\lib\layer.js:152:17)
    at C:\Users\maicr\OneDrive\Desktop\Demo\backend\node_modules\router\index.js:295:15\n\n2026-09-30T04:41:57.339Z\nMessage: El usuario no tiene un área asignada para ver el inventario de área.\nStack: Error: El usuario no tiene un área asignada para ver el inventario de área.
    at throwHttpError (C:\Users\maicr\OneDrive\Desktop\Demo\backend\src\shared\security\accessRules.js:17:17)
    at Object.getAreaInventory (C:\Users\maicr\OneDrive\Desktop\Demo\backend\src\modules\warehouse\warehouse.service.js:63:5)
    at getAreaInventory (C:\Users\maicr\OneDrive\Desktop\Demo\backend\src\modules\warehouse\warehouse.controller.js:15:43)
    at Layer.handleRequest (C:\Users\maicr\OneDrive\Desktop\Demo\backend\node_modules\router\lib\layer.js:152:17)
    at next (C:\Users\maicr\OneDrive\Desktop\Demo\backend\node_modules\router\lib\route.js:157:13)
    at Route.dispatch (C:\Users\maicr\OneDrive\Desktop\Demo\backend\node_modules\router\lib\route.js:117:3)
    at handle (C:\Users\maicr\OneDrive\Desktop\Demo\backend\node_modules\router\index.js:435:11)
    at Layer.handleRequest (C:\Users\maicr\OneDrive\Desktop\Demo\backend\node_modules\router\lib\layer.js:152:17)
    at C:\Users\maicr\OneDrive\Desktop\Demo\backend\node_modules\router\index.js:295:15
    at processParams (C:\Users\maicr\OneDrive\Desktop\Demo\backend\node_modules\router\index.js:582:12)\n\n2026-09-30T05:14:51.040Z\nMessage: El usuario no tiene un área asignada para ver el inventario de área.\nStack: Error: El usuario no tiene un área asignada para ver el inventario de área.
    at throwHttpError (C:\Users\maicr\OneDrive\Desktop\Demo\backend\src\shared\security\accessRules.js:17:17)
    at Object.getAreaInventory (C:\Users\maicr\OneDrive\Desktop\Demo\backend\src\modules\warehouse\warehouse.service.js:63:5)
    at getAreaInventory (C:\Users\maicr\OneDrive\Desktop\Demo\backend\src\modules\warehouse\warehouse.controller.js:15:43)
    at Layer.handleRequest (C:\Users\maicr\OneDrive\Desktop\Demo\backend\node_modules\router\lib\layer.js:152:17)
    at next (C:\Users\maicr\OneDrive\Desktop\Demo\backend\node_modules\router\lib\route.js:157:13)
    at Route.dispatch (C:\Users\maicr\OneDrive\Desktop\Demo\backend\node_modules\router\lib\route.js:117:3)
    at handle (C:\Users\maicr\OneDrive\Desktop\Demo\backend\node_modules\router\index.js:435:11)
    at Layer.handleRequest (C:\Users\maicr\OneDrive\Desktop\Demo\backend\node_modules\router\lib\layer.js:152:17)
    at C:\Users\maicr\OneDrive\Desktop\Demo\backend\node_modules\router\index.js:295:15
    at processParams (C:\Users\maicr\OneDrive\Desktop\Demo\backend\node_modules\router\index.js:582:12)\n\n2026-09-30T05:14:53.097Z\nMessage: El usuario no tiene un área asignada para ver el inventario de área.\nStack: Error: El usuario no tiene un área asignada para ver el inventario de área.
    at throwHttpError (C:\Users\maicr\OneDrive\Desktop\Demo\backend\src\shared\security\accessRules.js:17:17)
    at Object.getAreaInventory (C:\Users\maicr\OneDrive\Desktop\Demo\backend\src\modules\warehouse\warehouse.service.js:63:5)
    at getAreaInventory (C:\Users\maicr\OneDrive\Desktop\Demo\backend\src\modules\warehouse\warehouse.controller.js:15:43)
    at Layer.handleRequest (C:\Users\maicr\OneDrive\Desktop\Demo\backend\node_modules\router\lib\layer.js:152:17)
    at next (C:\Users\maicr\OneDrive\Desktop\Demo\backend\node_modules\router\lib\route.js:157:13)
    at Route.dispatch (C:\Users\maicr\OneDrive\Desktop\Demo\backend\node_modules\router\lib\route.js:117:3)
    at handle (C:\Users\maicr\OneDrive\Desktop\Demo\backend\node_modules\router\index.js:435:11)
    at Layer.handleRequest (C:\Users\maicr\OneDrive\Desktop\Demo\backend\node_modules\router\lib\layer.js:152:17)
    at C:\Users\maicr\OneDrive\Desktop\Demo\backend\node_modules\router\index.js:295:15
    at processParams (C:\Users\maicr\OneDrive\Desktop\Demo\backend\node_modules\router\index.js:582:12)\n\n2026-09-30T05:17:56.691Z\nMessage: El usuario no tiene un área asignada para ver el inventario de área.\nStack: Error: El usuario no tiene un área asignada para ver el inventario de área.
    at throwHttpError (C:\Users\maicr\OneDrive\Desktop\Demo\backend\src\shared\security\accessRules.js:17:17)
    at Object.getAreaInventory (C:\Users\maicr\OneDrive\Desktop\Demo\backend\src\modules\warehouse\warehouse.service.js:65:5)
    at getAreaInventory (C:\Users\maicr\OneDrive\Desktop\Demo\backend\src\modules\warehouse\warehouse.controller.js:15:43)
    at Layer.handleRequest (C:\Users\maicr\OneDrive\Desktop\Demo\backend\node_modules\router\lib\layer.js:152:17)
    at next (C:\Users\maicr\OneDrive\Desktop\Demo\backend\node_modules\router\lib\route.js:157:13)
    at Route.dispatch (C:\Users\maicr\OneDrive\Desktop\Demo\backend\node_modules\router\lib\route.js:117:3)
    at handle (C:\Users\maicr\OneDrive\Desktop\Demo\backend\node_modules\router\index.js:435:11)
    at Layer.handleRequest (C:\Users\maicr\OneDrive\Desktop\Demo\backend\node_modules\router\lib\layer.js:152:17)
    at C:\Users\maicr\OneDrive\Desktop\Demo\backend\node_modules\router\index.js:295:15
    at processParams (C:\Users\maicr\OneDrive\Desktop\Demo\backend\node_modules\router\index.js:582:12)\n\n2026-09-30T05:17:57.776Z\nMessage: El usuario no tiene un área asignada para ver el inventario de área.\nStack: Error: El usuario no tiene un área asignada para ver el inventario de área.
    at throwHttpError (C:\Users\maicr\OneDrive\Desktop\Demo\backend\src\shared\security\accessRules.js:17:17)
    at Object.getAreaInventory (C:\Users\maicr\OneDrive\Desktop\Demo\backend\src\modules\warehouse\warehouse.service.js:65:5)
    at getAreaInventory (C:\Users\maicr\OneDrive\Desktop\Demo\backend\src\modules\warehouse\warehouse.controller.js:15:43)
    at Layer.handleRequest (C:\Users\maicr\OneDrive\Desktop\Demo\backend\node_modules\router\lib\layer.js:152:17)
    at next (C:\Users\maicr\OneDrive\Desktop\Demo\backend\node_modules\router\lib\route.js:157:13)
    at Route.dispatch (C:\Users\maicr\OneDrive\Desktop\Demo\backend\node_modules\router\lib\route.js:117:3)
    at handle (C:\Users\maicr\OneDrive\Desktop\Demo\backend\node_modules\router\index.js:435:11)
    at Layer.handleRequest (C:\Users\maicr\OneDrive\Desktop\Demo\backend\node_modules\router\lib\layer.js:152:17)
    at C:\Users\maicr\OneDrive\Desktop\Demo\backend\node_modules\router\index.js:295:15
    at processParams (C:\Users\maicr\OneDrive\Desktop\Demo\backend\node_modules\router\index.js:582:12)\n\n2026-09-30T05:17:59.822Z\nMessage: El usuario no tiene un área asignada para ver el inventario de área.\nStack: Error: El usuario no tiene un área asignada para ver el inventario de área.
    at throwHttpError (C:\Users\maicr\OneDrive\Desktop\Demo\backend\src\shared\security\accessRules.js:17:17)
    at Object.getAreaInventory (C:\Users\maicr\OneDrive\Desktop\Demo\backend\src\modules\warehouse\warehouse.service.js:65:5)
    at getAreaInventory (C:\Users\maicr\OneDrive\Desktop\Demo\backend\src\modules\warehouse\warehouse.controller.js:15:43)
    at Layer.handleRequest (C:\Users\maicr\OneDrive\Desktop\Demo\backend\node_modules\router\lib\layer.js:152:17)
    at next (C:\Users\maicr\OneDrive\Desktop\Demo\backend\node_modules\router\lib\route.js:157:13)
    at Route.dispatch (C:\Users\maicr\OneDrive\Desktop\Demo\backend\node_modules\router\lib\route.js:117:3)
    at handle (C:\Users\maicr\OneDrive\Desktop\Demo\backend\node_modules\router\index.js:435:11)
    at Layer.handleRequest (C:\Users\maicr\OneDrive\Desktop\Demo\backend\node_modules\router\lib\layer.js:152:17)
    at C:\Users\maicr\OneDrive\Desktop\Demo\backend\node_modules\router\index.js:295:15
    at processParams (C:\Users\maicr\OneDrive\Desktop\Demo\backend\node_modules\router\index.js:582:12)\n\n2026-09-30T15:43:38.380Z\nMessage: Cannot read properties of undefined (reading 'findAll')\nStack: TypeError: Cannot read properties of undefined (reading 'findAll')
    at Object.listFormulas (C:\Users\maicr\OneDrive\Desktop\Demo\backend\src\modules\formulas\formulas.service.js:102:44)
    at listFormulas (C:\Users\maicr\OneDrive\Desktop\Demo\backend\src\modules\formulas\formulas.controller.js:5:42)
    at Layer.handleRequest (C:\Users\maicr\OneDrive\Desktop\Demo\backend\node_modules\router\lib\layer.js:152:17)
    at next (C:\Users\maicr\OneDrive\Desktop\Demo\backend\node_modules\router\lib\route.js:157:13)
    at C:\Users\maicr\OneDrive\Desktop\Demo\backend\src\middlewares\permission.middleware.js:25:12
    at Layer.handleRequest (C:\Users\maicr\OneDrive\Desktop\Demo\backend\node_modules\router\lib\layer.js:152:17)
    at next (C:\Users\maicr\OneDrive\Desktop\Demo\backend\node_modules\router\lib\route.js:157:13)
    at authMiddleware (C:\Users\maicr\OneDrive\Desktop\Demo\backend\src\middlewares\auth.middleware.js:101:12)
    at process.processTicksAndRejections (node:internal/process/task_queues:104:5)\n\n2026-09-30T15:45:37.474Z\nMessage: no existe la columna items->material.code\nStack: Error
    at Query.run (C:\Users\maicr\OneDrive\Desktop\Demo\backend\node_modules\sequelize\lib\dialects\postgres\query.js:50:25)
    at C:\Users\maicr\OneDrive\Desktop\Demo\backend\node_modules\sequelize\lib\sequelize.js:315:28
    at process.processTicksAndRejections (node:internal/process/task_queues:104:5)
    at async PostgresQueryInterface.select (C:\Users\maicr\OneDrive\Desktop\Demo\backend\node_modules\sequelize\lib\dialects\abstract\query-interface.js:407:12)
    at async ProcessFormula.findAll (C:\Users\maicr\OneDrive\Desktop\Demo\backend\node_modules\sequelize\lib\model.js:1140:21)
    at async Object.listFormulas (C:\Users\maicr\OneDrive\Desktop\Demo\backend\src\modules\formulas\formulas.service.js:102:20)
    at async listFormulas (C:\Users\maicr\OneDrive\Desktop\Demo\backend\src\modules\formulas\formulas.controller.js:5:20)\n\n2026-09-30T22:42:49.580Z\nMessage: Código QR no reconocido o inválido. Por seguridad, solo se aceptan códigos generados por este sistema.\nStack: Error: Código QR no reconocido o inválido. Por seguridad, solo se aceptan códigos generados por este sistema.
    at decryptQrData (C:\Users\maicr\OneDrive\Desktop\Demo\backend\src\shared\utils\crypto.utils.js:40:11)
    at lookup (C:\Users\maicr\OneDrive\Desktop\Demo\backend\src\modules\qrcodes\qrcodes.controller.js:238:25)
    at Layer.handleRequest (C:\Users\maicr\OneDrive\Desktop\Demo\backend\node_modules\router\lib\layer.js:152:17)
    at next (C:\Users\maicr\OneDrive\Desktop\Demo\backend\node_modules\router\lib\route.js:157:13)
    at C:\Users\maicr\OneDrive\Desktop\Demo\backend\src\middlewares\permission.middleware.js:25:12
    at Layer.handleRequest (C:\Users\maicr\OneDrive\Desktop\Demo\backend\node_modules\router\lib\layer.js:152:17)
    at next (C:\Users\maicr\OneDrive\Desktop\Demo\backend\node_modules\router\lib\route.js:157:13)
    at Route.dispatch (C:\Users\maicr\OneDrive\Desktop\Demo\backend\node_modules\router\lib\route.js:117:3)
    at handle (C:\Users\maicr\OneDrive\Desktop\Demo\backend\node_modules\router\index.js:435:11)
    at Layer.handleRequest (C:\Users\maicr\OneDrive\Desktop\Demo\backend\node_modules\router\lib\layer.js:152:17)\n\n2026-09-30T23:00:11.872Z\nMessage: Código QR no reconocido o inválido. Por seguridad, solo se aceptan códigos generados por este sistema.\nStack: Error: Código QR no reconocido o inválido. Por seguridad, solo se aceptan códigos generados por este sistema.
    at decryptQrData (C:\Users\maicr\OneDrive\Desktop\Demo\backend\src\shared\utils\crypto.utils.js:40:11)
    at lookup (C:\Users\maicr\OneDrive\Desktop\Demo\backend\src\modules\qrcodes\qrcodes.controller.js:238:25)
    at Layer.handleRequest (C:\Users\maicr\OneDrive\Desktop\Demo\backend\node_modules\router\lib\layer.js:152:17)
    at next (C:\Users\maicr\OneDrive\Desktop\Demo\backend\node_modules\router\lib\route.js:157:13)
    at C:\Users\maicr\OneDrive\Desktop\Demo\backend\src\middlewares\permission.middleware.js:25:12
    at Layer.handleRequest (C:\Users\maicr\OneDrive\Desktop\Demo\backend\node_modules\router\lib\layer.js:152:17)
    at next (C:\Users\maicr\OneDrive\Desktop\Demo\backend\node_modules\router\lib\route.js:157:13)
    at Route.dispatch (C:\Users\maicr\OneDrive\Desktop\Demo\backend\node_modules\router\lib\route.js:117:3)
    at handle (C:\Users\maicr\OneDrive\Desktop\Demo\backend\node_modules\router\index.js:435:11)
    at Layer.handleRequest (C:\Users\maicr\OneDrive\Desktop\Demo\backend\node_modules\router\lib\layer.js:152:17)\n\n2026-09-30T23:00:21.366Z\nMessage: Código QR no reconocido o inválido. Por seguridad, solo se aceptan códigos generados por este sistema.\nStack: Error: Código QR no reconocido o inválido. Por seguridad, solo se aceptan códigos generados por este sistema.
    at decryptQrData (C:\Users\maicr\OneDrive\Desktop\Demo\backend\src\shared\utils\crypto.utils.js:40:11)
    at lookup (C:\Users\maicr\OneDrive\Desktop\Demo\backend\src\modules\qrcodes\qrcodes.controller.js:238:25)
    at Layer.handleRequest (C:\Users\maicr\OneDrive\Desktop\Demo\backend\node_modules\router\lib\layer.js:152:17)
    at next (C:\Users\maicr\OneDrive\Desktop\Demo\backend\node_modules\router\lib\route.js:157:13)
    at C:\Users\maicr\OneDrive\Desktop\Demo\backend\src\middlewares\permission.middleware.js:25:12
    at Layer.handleRequest (C:\Users\maicr\OneDrive\Desktop\Demo\backend\node_modules\router\lib\layer.js:152:17)
    at next (C:\Users\maicr\OneDrive\Desktop\Demo\backend\node_modules\router\lib\route.js:157:13)
    at Route.dispatch (C:\Users\maicr\OneDrive\Desktop\Demo\backend\node_modules\router\lib\route.js:117:3)
    at handle (C:\Users\maicr\OneDrive\Desktop\Demo\backend\node_modules\router\index.js:435:11)
    at Layer.handleRequest (C:\Users\maicr\OneDrive\Desktop\Demo\backend\node_modules\router\lib\layer.js:152:17)\n\n2026-10-03T01:17:00.250Z\nMessage: El correo ya está registrado.\nStack: Error: El correo ya está registrado.
    at throwHttpError (C:\Users\maicr\OneDrive\Desktop\Demo\backend\src\shared\security\accessRules.js:17:17)
    at validateUniqueUserFields (C:\Users\maicr\OneDrive\Desktop\Demo\backend\src\modules\users\users.service.js:138:5)
    at process.processTicksAndRejections (node:internal/process/task_queues:104:5)
    at async C:\Users\maicr\OneDrive\Desktop\Demo\backend\src\modules\users\users.service.js:225:5
    at async C:\Users\maicr\OneDrive\Desktop\Demo\backend\node_modules\sequelize\lib\sequelize.js:507:18
    at async createUser (C:\Users\maicr\OneDrive\Desktop\Demo\backend\src\modules\users\users.controller.js:26:18)\n\n2026-10-03T15:54:52.193Z\nMessage: inserción o actualización en la tabla «materials» viola la llave foránea «materials_ranking_id_fkey»\nStack: Error
    at Query.run (C:\Users\maicr\OneDrive\Desktop\Demo\backend\node_modules\sequelize\lib\dialects\postgres\query.js:50:25)
    at C:\Users\maicr\OneDrive\Desktop\Demo\backend\node_modules\sequelize\lib\sequelize.js:315:28
    at process.processTicksAndRejections (node:internal/process/task_queues:104:5)
    at async PostgresQueryInterface.insert (C:\Users\maicr\OneDrive\Desktop\Demo\backend\node_modules\sequelize\lib\dialects\abstract\query-interface.js:308:21)
    at async model.save (C:\Users\maicr\OneDrive\Desktop\Demo\backend\node_modules\sequelize\lib\model.js:2490:35)
    at async Material.create (C:\Users\maicr\OneDrive\Desktop\Demo\backend\node_modules\sequelize\lib\model.js:1362:12)
    at async MaterialCrudService.create (C:\Users\maicr\OneDrive\Desktop\Demo\backend\src\modules\materials\material\material.crud.service.js:87:12)
    at async create (C:\Users\maicr\OneDrive\Desktop\Demo\backend\src\modules\materials\material\material.controller.js:16:18)\n\n2026-10-03T15:58:46.120Z\nMessage: notNull Violation: AuditLog.action cannot be null,
notNull Violation: AuditLog.entity_type cannot be null,
notNull Violation: AuditLog.module cannot be null,
notNull Violation: AuditLog.description cannot be null\nStack: SequelizeValidationError: notNull Violation: AuditLog.action cannot be null,
notNull Violation: AuditLog.entity_type cannot be null,
notNull Violation: AuditLog.module cannot be null,
notNull Violation: AuditLog.description cannot be null
    at InstanceValidator._validate (C:\Users\maicr\OneDrive\Desktop\Demo\backend\node_modules\sequelize\lib\instance-validator.js:50:13)
    at process.processTicksAndRejections (node:internal/process/task_queues:104:5)
    at async InstanceValidator._validateAndRunHooks (C:\Users\maicr\OneDrive\Desktop\Demo\backend\node_modules\sequelize\lib\instance-validator.js:60:7)
    at async InstanceValidator.validate (C:\Users\maicr\OneDrive\Desktop\Demo\backend\node_modules\sequelize\lib\instance-validator.js:54:12)
    at async model.save (C:\Users\maicr\OneDrive\Desktop\Demo\backend\node_modules\sequelize\lib\model.js:2426:7)
    at async AuditLog.create (C:\Users\maicr\OneDrive\Desktop\Demo\backend\node_modules\sequelize\lib\model.js:1362:12)
    at async MaterialCrudService.delete (C:\Users\maicr\OneDrive\Desktop\Demo\backend\src\modules\materials\material\material.crud.service.js:160:7)
    at async remove (C:\Users\maicr\OneDrive\Desktop\Demo\backend\src\modules\materials\material\material.controller.js:26:18)\n\n2026-10-03T15:59:14.700Z\nMessage: notNull Violation: AuditLog.action cannot be null,
notNull Violation: AuditLog.entity_type cannot be null,
notNull Violation: AuditLog.module cannot be null,
notNull Violation: AuditLog.description cannot be null\nStack: SequelizeValidationError: notNull Violation: AuditLog.action cannot be null,
notNull Violation: AuditLog.entity_type cannot be null,
notNull Violation: AuditLog.module cannot be null,
notNull Violation: AuditLog.description cannot be null
    at InstanceValidator._validate (C:\Users\maicr\OneDrive\Desktop\Demo\backend\node_modules\sequelize\lib\instance-validator.js:50:13)
    at process.processTicksAndRejections (node:internal/process/task_queues:104:5)
    at async InstanceValidator._validateAndRunHooks (C:\Users\maicr\OneDrive\Desktop\Demo\backend\node_modules\sequelize\lib\instance-validator.js:60:7)
    at async InstanceValidator.validate (C:\Users\maicr\OneDrive\Desktop\Demo\backend\node_modules\sequelize\lib\instance-validator.js:54:12)
    at async model.save (C:\Users\maicr\OneDrive\Desktop\Demo\backend\node_modules\sequelize\lib\model.js:2426:7)
    at async AuditLog.create (C:\Users\maicr\OneDrive\Desktop\Demo\backend\node_modules\sequelize\lib\model.js:1362:12)
    at async MaterialCrudService.delete (C:\Users\maicr\OneDrive\Desktop\Demo\backend\src\modules\materials\material\material.crud.service.js:160:7)
    at async remove (C:\Users\maicr\OneDrive\Desktop\Demo\backend\src\modules\materials\material\material.controller.js:26:18)\n\n2026-10-06T02:46:00.804Z\nMessage: la sintaxis de entrada no es válida para tipo uuid: «8709»\nStack: Error
    at Query.run (C:\Users\maicr\OneDrive\Desktop\Demo\backend\node_modules\sequelize\lib\dialects\postgres\query.js:50:25)
    at C:\Users\maicr\OneDrive\Desktop\Demo\backend\node_modules\sequelize\lib\sequelize.js:315:28
    at process.processTicksAndRejections (node:internal/process/task_queues:104:5)
    at async PostgresQueryInterface.select (C:\Users\maicr\OneDrive\Desktop\Demo\backend\node_modules\sequelize\lib\dialects\abstract\query-interface.js:407:12)
    at async MaterialCode.findAll (C:\Users\maicr\OneDrive\Desktop\Demo\backend\node_modules\sequelize\lib\model.js:1140:21)
    at async MaterialCode.findOne (C:\Users\maicr\OneDrive\Desktop\Demo\backend\node_modules\sequelize\lib\model.js:1240:12)
    at async MaterialCodeService.findByUuid (C:\Users\maicr\OneDrive\Desktop\Demo\backend\src\services\BaseCatalogService.js:75:20)
    at async MaterialCodeService.delete (C:\Users\maicr\OneDrive\Desktop\Demo\backend\src\services\BaseCatalogService.js:104:20)
    at async remove (C:\Users\maicr\OneDrive\Desktop\Demo\backend\src\modules\materials\materialCode\materialCode.controller.js:25:18)\n\n2026-10-08T04:11:53.485Z\nMessage: no existe la columna «description»\nStack: Error
    at Query.run (C:\Users\maicr\OneDrive\Desktop\Demo\backend\node_modules\sequelize\lib\dialects\postgres\query.js:50:25)
    at C:\Users\maicr\OneDrive\Desktop\Demo\backend\node_modules\sequelize\lib\sequelize.js:315:28
    at process.processTicksAndRejections (node:internal/process/task_queues:104:5)
    at async PostgresQueryInterface.select (C:\Users\maicr\OneDrive\Desktop\Demo\backend\node_modules\sequelize\lib\dialects\abstract\query-interface.js:407:12)
    at async Tag.findAll (C:\Users\maicr\OneDrive\Desktop\Demo\backend\node_modules\sequelize\lib\model.js:1140:21)
    at async Object.getAllTags (C:\Users\maicr\OneDrive\Desktop\Demo\backend\src\modules\materials\tag\tag.service.js:5:10)
    at async getAllTags (C:\Users\maicr\OneDrive\Desktop\Demo\backend\src\modules\materials\tag\tag.controller.js:6:18)\n\n2026-10-08T04:11:54.548Z\nMessage: no existe la columna «description»\nStack: Error
    at Query.run (C:\Users\maicr\OneDrive\Desktop\Demo\backend\node_modules\sequelize\lib\dialects\postgres\query.js:50:25)
    at C:\Users\maicr\OneDrive\Desktop\Demo\backend\node_modules\sequelize\lib\sequelize.js:315:28
    at process.processTicksAndRejections (node:internal/process/task_queues:104:5)
    at async PostgresQueryInterface.select (C:\Users\maicr\OneDrive\Desktop\Demo\backend\node_modules\sequelize\lib\dialects\abstract\query-interface.js:407:12)
    at async Tag.findAll (C:\Users\maicr\OneDrive\Desktop\Demo\backend\node_modules\sequelize\lib\model.js:1140:21)
    at async Object.getAllTags (C:\Users\maicr\OneDrive\Desktop\Demo\backend\src\modules\materials\tag\tag.service.js:5:10)
    at async getAllTags (C:\Users\maicr\OneDrive\Desktop\Demo\backend\src\modules\materials\tag\tag.controller.js:6:18)\n\n2026-10-08T04:11:56.601Z\nMessage: no existe la columna «description»\nStack: Error
    at Query.run (C:\Users\maicr\OneDrive\Desktop\Demo\backend\node_modules\sequelize\lib\dialects\postgres\query.js:50:25)
    at C:\Users\maicr\OneDrive\Desktop\Demo\backend\node_modules\sequelize\lib\sequelize.js:315:28
    at process.processTicksAndRejections (node:internal/process/task_queues:104:5)
    at async PostgresQueryInterface.select (C:\Users\maicr\OneDrive\Desktop\Demo\backend\node_modules\sequelize\lib\dialects\abstract\query-interface.js:407:12)
    at async Tag.findAll (C:\Users\maicr\OneDrive\Desktop\Demo\backend\node_modules\sequelize\lib\model.js:1140:21)
    at async Object.getAllTags (C:\Users\maicr\OneDrive\Desktop\Demo\backend\src\modules\materials\tag\tag.service.js:5:10)
    at async getAllTags (C:\Users\maicr\OneDrive\Desktop\Demo\backend\src\modules\materials\tag\tag.controller.js:6:18)\n\n2026-10-08T04:13:51.749Z\nMessage: la sintaxis de entrada no es válida para tipo integer: «9d833fd3-1de9-4d71-b02f-106579dd24e2»\nStack: Error
    at Query.run (C:\Users\maicr\OneDrive\Desktop\Demo\backend\node_modules\sequelize\lib\dialects\postgres\query.js:50:25)
    at C:\Users\maicr\OneDrive\Desktop\Demo\backend\node_modules\sequelize\lib\sequelize.js:315:28
    at process.processTicksAndRejections (node:internal/process/task_queues:104:5)
    at async PostgresQueryInterface.select (C:\Users\maicr\OneDrive\Desktop\Demo\backend\node_modules\sequelize\lib\dialects\abstract\query-interface.js:407:12)
    at async Tag.findAll (C:\Users\maicr\OneDrive\Desktop\Demo\backend\node_modules\sequelize\lib\model.js:1140:21)
    at async Tag.findOne (C:\Users\maicr\OneDrive\Desktop\Demo\backend\node_modules\sequelize\lib\model.js:1240:12)
    at async Tag.findByPk (C:\Users\maicr\OneDrive\Desktop\Demo\backend\node_modules\sequelize\lib\model.js:1221:12)
    at async getTagById (C:\Users\maicr\OneDrive\Desktop\Demo\backend\src\modules\materials\tag\tag.service.js:13:15)
    at async Object.updateTag (C:\Users\maicr\OneDrive\Desktop\Demo\backend\src\modules\materials\tag\tag.service.js:33:15)
    at async updateTag (C:\Users\maicr\OneDrive\Desktop\Demo\backend\src\modules\materials\tag\tag.controller.js:42:18)\n\n2026-10-08T04:14:26.914Z\nMessage: la sintaxis de entrada no es válida para tipo integer: «9d833fd3-1de9-4d71-b02f-106579dd24e2»\nStack: Error
    at Query.run (C:\Users\maicr\OneDrive\Desktop\Demo\backend\node_modules\sequelize\lib\dialects\postgres\query.js:50:25)
    at C:\Users\maicr\OneDrive\Desktop\Demo\backend\node_modules\sequelize\lib\sequelize.js:315:28
    at process.processTicksAndRejections (node:internal/process/task_queues:104:5)
    at async PostgresQueryInterface.select (C:\Users\maicr\OneDrive\Desktop\Demo\backend\node_modules\sequelize\lib\dialects\abstract\query-interface.js:407:12)
    at async Tag.findAll (C:\Users\maicr\OneDrive\Desktop\Demo\backend\node_modules\sequelize\lib\model.js:1140:21)
    at async Tag.findOne (C:\Users\maicr\OneDrive\Desktop\Demo\backend\node_modules\sequelize\lib\model.js:1240:12)
    at async Tag.findByPk (C:\Users\maicr\OneDrive\Desktop\Demo\backend\node_modules\sequelize\lib\model.js:1221:12)
    at async getTagById (C:\Users\maicr\OneDrive\Desktop\Demo\backend\src\modules\materials\tag\tag.service.js:13:15)
    at async Object.updateTag (C:\Users\maicr\OneDrive\Desktop\Demo\backend\src\modules\materials\tag\tag.service.js:33:15)
    at async updateTag (C:\Users\maicr\OneDrive\Desktop\Demo\backend\src\modules\materials\tag\tag.controller.js:42:18)\n\n2026-10-08T04:16:42.361Z\nMessage: falta una entrada para la tabla «material_code» en la cláusula FROM\nStack: Error
    at Query.run (C:\Users\maicr\OneDrive\Desktop\Demo\backend\node_modules\sequelize\lib\dialects\postgres\query.js:50:25)
    at C:\Users\maicr\OneDrive\Desktop\Demo\backend\node_modules\sequelize\lib\sequelize.js:315:28
    at process.processTicksAndRejections (node:internal/process/task_queues:104:5)
    at async PostgresQueryInterface.select (C:\Users\maicr\OneDrive\Desktop\Demo\backend\node_modules\sequelize\lib\dialects\abstract\query-interface.js:407:12)
    at async Material.findAll (C:\Users\maicr\OneDrive\Desktop\Demo\backend\node_modules\sequelize\lib\model.js:1140:21)
    at async Promise.all (index 1)
    at async Material.findAndCountAll (C:\Users\maicr\OneDrive\Desktop\Demo\backend\node_modules\sequelize\lib\model.js:1322:27)
    at async MaterialSearchService.search (C:\Users\maicr\OneDrive\Desktop\Demo\backend\src\modules\materials\material\material.search.service.js:67:29)
    at async search (C:\Users\maicr\OneDrive\Desktop\Demo\backend\src\modules\materials\material\material.controller.js:6:18)\n\n2026-10-08T04:16:43.401Z\nMessage: falta una entrada para la tabla «material_code» en la cláusula FROM\nStack: Error
    at Query.run (C:\Users\maicr\OneDrive\Desktop\Demo\backend\node_modules\sequelize\lib\dialects\postgres\query.js:50:25)
    at C:\Users\maicr\OneDrive\Desktop\Demo\backend\node_modules\sequelize\lib\sequelize.js:315:28
    at process.processTicksAndRejections (node:internal/process/task_queues:104:5)
    at async PostgresQueryInterface.select (C:\Users\maicr\OneDrive\Desktop\Demo\backend\node_modules\sequelize\lib\dialects\abstract\query-interface.js:407:12)
    at async Material.findAll (C:\Users\maicr\OneDrive\Desktop\Demo\backend\node_modules\sequelize\lib\model.js:1140:21)
    at async Promise.all (index 1)
    at async Material.findAndCountAll (C:\Users\maicr\OneDrive\Desktop\Demo\backend\node_modules\sequelize\lib\model.js:1322:27)
    at async MaterialSearchService.search (C:\Users\maicr\OneDrive\Desktop\Demo\backend\src\modules\materials\material\material.search.service.js:67:29)
    at async search (C:\Users\maicr\OneDrive\Desktop\Demo\backend\src\modules\materials\material\material.controller.js:6:18)\n\n2026-10-08T04:16:43.596Z\nMessage: falta una entrada para la tabla «material_code» en la cláusula FROM\nStack: Error
    at Query.run (C:\Users\maicr\OneDrive\Desktop\Demo\backend\node_modules\sequelize\lib\dialects\postgres\query.js:50:25)
    at C:\Users\maicr\OneDrive\Desktop\Demo\backend\node_modules\sequelize\lib\sequelize.js:315:28
    at process.processTicksAndRejections (node:internal/process/task_queues:104:5)
    at async PostgresQueryInterface.select (C:\Users\maicr\OneDrive\Desktop\Demo\backend\node_modules\sequelize\lib\dialects\abstract\query-interface.js:407:12)
    at async Material.findAll (C:\Users\maicr\OneDrive\Desktop\Demo\backend\node_modules\sequelize\lib\model.js:1140:21)
    at async Promise.all (index 1)
    at async Material.findAndCountAll (C:\Users\maicr\OneDrive\Desktop\Demo\backend\node_modules\sequelize\lib\model.js:1322:27)
    at async MaterialSearchService.search (C:\Users\maicr\OneDrive\Desktop\Demo\backend\src\modules\materials\material\material.search.service.js:67:29)
    at async search (C:\Users\maicr\OneDrive\Desktop\Demo\backend\src\modules\materials\material\material.controller.js:6:18)\n\n2026-10-08T04:16:44.626Z\nMessage: falta una entrada para la tabla «material_code» en la cláusula FROM\nStack: Error
    at Query.run (C:\Users\maicr\OneDrive\Desktop\Demo\backend\node_modules\sequelize\lib\dialects\postgres\query.js:50:25)
    at C:\Users\maicr\OneDrive\Desktop\Demo\backend\node_modules\sequelize\lib\sequelize.js:315:28
    at process.processTicksAndRejections (node:internal/process/task_queues:104:5)
    at async PostgresQueryInterface.select (C:\Users\maicr\OneDrive\Desktop\Demo\backend\node_modules\sequelize\lib\dialects\abstract\query-interface.js:407:12)
    at async Material.findAll (C:\Users\maicr\OneDrive\Desktop\Demo\backend\node_modules\sequelize\lib\model.js:1140:21)
    at async Promise.all (index 1)
    at async Material.findAndCountAll (C:\Users\maicr\OneDrive\Desktop\Demo\backend\node_modules\sequelize\lib\model.js:1322:27)
    at async MaterialSearchService.search (C:\Users\maicr\OneDrive\Desktop\Demo\backend\src\modules\materials\material\material.search.service.js:67:29)
    at async search (C:\Users\maicr\OneDrive\Desktop\Demo\backend\src\modules\materials\material\material.controller.js:6:18)\n\n2026-10-08T04:16:46.661Z\nMessage: falta una entrada para la tabla «material_code» en la cláusula FROM\nStack: Error
    at Query.run (C:\Users\maicr\OneDrive\Desktop\Demo\backend\node_modules\sequelize\lib\dialects\postgres\query.js:50:25)
    at C:\Users\maicr\OneDrive\Desktop\Demo\backend\node_modules\sequelize\lib\sequelize.js:315:28
    at process.processTicksAndRejections (node:internal/process/task_queues:104:5)
    at async PostgresQueryInterface.select (C:\Users\maicr\OneDrive\Desktop\Demo\backend\node_modules\sequelize\lib\dialects\abstract\query-interface.js:407:12)
    at async Material.findAll (C:\Users\maicr\OneDrive\Desktop\Demo\backend\node_modules\sequelize\lib\model.js:1140:21)
    at async Promise.all (index 1)
    at async Material.findAndCountAll (C:\Users\maicr\OneDrive\Desktop\Demo\backend\node_modules\sequelize\lib\model.js:1322:27)
    at async MaterialSearchService.search (C:\Users\maicr\OneDrive\Desktop\Demo\backend\src\modules\materials\material\material.search.service.js:67:29)
    at async search (C:\Users\maicr\OneDrive\Desktop\Demo\backend\src\modules\materials\material\material.controller.js:6:18)\n\n2026-10-08T04:16:47.825Z\nMessage: falta una entrada para la tabla «material_code» en la cláusula FROM\nStack: Error
    at Query.run (C:\Users\maicr\OneDrive\Desktop\Demo\backend\node_modules\sequelize\lib\dialects\postgres\query.js:50:25)
    at C:\Users\maicr\OneDrive\Desktop\Demo\backend\node_modules\sequelize\lib\sequelize.js:315:28
    at process.processTicksAndRejections (node:internal/process/task_queues:104:5)
    at async PostgresQueryInterface.select (C:\Users\maicr\OneDrive\Desktop\Demo\backend\node_modules\sequelize\lib\dialects\abstract\query-interface.js:407:12)
    at async Material.findAll (C:\Users\maicr\OneDrive\Desktop\Demo\backend\node_modules\sequelize\lib\model.js:1140:21)
    at async Promise.all (index 1)
    at async Material.findAndCountAll (C:\Users\maicr\OneDrive\Desktop\Demo\backend\node_modules\sequelize\lib\model.js:1322:27)
    at async MaterialSearchService.search (C:\Users\maicr\OneDrive\Desktop\Demo\backend\src\modules\materials\material\material.search.service.js:67:29)
    at async search (C:\Users\maicr\OneDrive\Desktop\Demo\backend\src\modules\materials\material\material.controller.js:6:18)\n\n2026-10-08T04:16:48.878Z\nMessage: falta una entrada para la tabla «material_code» en la cláusula FROM\nStack: Error
    at Query.run (C:\Users\maicr\OneDrive\Desktop\Demo\backend\node_modules\sequelize\lib\dialects\postgres\query.js:50:25)
    at C:\Users\maicr\OneDrive\Desktop\Demo\backend\node_modules\sequelize\lib\sequelize.js:315:28
    at process.processTicksAndRejections (node:internal/process/task_queues:104:5)
    at async PostgresQueryInterface.select (C:\Users\maicr\OneDrive\Desktop\Demo\backend\node_modules\sequelize\lib\dialects\abstract\query-interface.js:407:12)
    at async Material.findAll (C:\Users\maicr\OneDrive\Desktop\Demo\backend\node_modules\sequelize\lib\model.js:1140:21)
    at async Promise.all (index 1)
    at async Material.findAndCountAll (C:\Users\maicr\OneDrive\Desktop\Demo\backend\node_modules\sequelize\lib\model.js:1322:27)
    at async MaterialSearchService.search (C:\Users\maicr\OneDrive\Desktop\Demo\backend\src\modules\materials\material\material.search.service.js:67:29)
    at async search (C:\Users\maicr\OneDrive\Desktop\Demo\backend\src\modules\materials\material\material.controller.js:6:18)\n\n2026-10-08T04:16:58.289Z\nMessage: falta una entrada para la tabla «material_code» en la cláusula FROM\nStack: Error
    at Query.run (C:\Users\maicr\OneDrive\Desktop\Demo\backend\node_modules\sequelize\lib\dialects\postgres\query.js:50:25)
    at C:\Users\maicr\OneDrive\Desktop\Demo\backend\node_modules\sequelize\lib\sequelize.js:315:28
    at process.processTicksAndRejections (node:internal/process/task_queues:104:5)
    at async PostgresQueryInterface.select (C:\Users\maicr\OneDrive\Desktop\Demo\backend\node_modules\sequelize\lib\dialects\abstract\query-interface.js:407:12)
    at async Material.findAll (C:\Users\maicr\OneDrive\Desktop\Demo\backend\node_modules\sequelize\lib\model.js:1140:21)
    at async Promise.all (index 1)
    at async Material.findAndCountAll (C:\Users\maicr\OneDrive\Desktop\Demo\backend\node_modules\sequelize\lib\model.js:1322:27)
    at async MaterialSearchService.search (C:\Users\maicr\OneDrive\Desktop\Demo\backend\src\modules\materials\material\material.search.service.js:67:29)
    at async search (C:\Users\maicr\OneDrive\Desktop\Demo\backend\src\modules\materials\material\material.controller.js:6:18)\n\n2026-10-08T04:16:59.335Z\nMessage: falta una entrada para la tabla «material_code» en la cláusula FROM\nStack: Error
    at Query.run (C:\Users\maicr\OneDrive\Desktop\Demo\backend\node_modules\sequelize\lib\dialects\postgres\query.js:50:25)
    at C:\Users\maicr\OneDrive\Desktop\Demo\backend\node_modules\sequelize\lib\sequelize.js:315:28
    at process.processTicksAndRejections (node:internal/process/task_queues:104:5)
    at async PostgresQueryInterface.select (C:\Users\maicr\OneDrive\Desktop\Demo\backend\node_modules\sequelize\lib\dialects\abstract\query-interface.js:407:12)
    at async Material.findAll (C:\Users\maicr\OneDrive\Desktop\Demo\backend\node_modules\sequelize\lib\model.js:1140:21)
    at async Promise.all (index 1)
    at async Material.findAndCountAll (C:\Users\maicr\OneDrive\Desktop\Demo\backend\node_modules\sequelize\lib\model.js:1322:27)
    at async MaterialSearchService.search (C:\Users\maicr\OneDrive\Desktop\Demo\backend\src\modules\materials\material\material.search.service.js:67:29)
    at async search (C:\Users\maicr\OneDrive\Desktop\Demo\backend\src\modules\materials\material\material.controller.js:6:18)\n\n2026-10-08T04:17:01.366Z\nMessage: falta una entrada para la tabla «material_code» en la cláusula FROM\nStack: Error
    at Query.run (C:\Users\maicr\OneDrive\Desktop\Demo\backend\node_modules\sequelize\lib\dialects\postgres\query.js:50:25)
    at C:\Users\maicr\OneDrive\Desktop\Demo\backend\node_modules\sequelize\lib\sequelize.js:315:28
    at process.processTicksAndRejections (node:internal/process/task_queues:104:5)
    at async PostgresQueryInterface.select (C:\Users\maicr\OneDrive\Desktop\Demo\backend\node_modules\sequelize\lib\dialects\abstract\query-interface.js:407:12)
    at async Material.findAll (C:\Users\maicr\OneDrive\Desktop\Demo\backend\node_modules\sequelize\lib\model.js:1140:21)
    at async Promise.all (index 1)
    at async Material.findAndCountAll (C:\Users\maicr\OneDrive\Desktop\Demo\backend\node_modules\sequelize\lib\model.js:1322:27)
    at async MaterialSearchService.search (C:\Users\maicr\OneDrive\Desktop\Demo\backend\src\modules\materials\material\material.search.service.js:67:29)
    at async search (C:\Users\maicr\OneDrive\Desktop\Demo\backend\src\modules\materials\material\material.controller.js:6:18)\n\n2026-10-08T04:17:16.566Z\nMessage: falta una entrada para la tabla «material_code» en la cláusula FROM\nStack: Error
    at Query.run (C:\Users\maicr\OneDrive\Desktop\Demo\backend\node_modules\sequelize\lib\dialects\postgres\query.js:50:25)
    at C:\Users\maicr\OneDrive\Desktop\Demo\backend\node_modules\sequelize\lib\sequelize.js:315:28
    at process.processTicksAndRejections (node:internal/process/task_queues:104:5)
    at async PostgresQueryInterface.select (C:\Users\maicr\OneDrive\Desktop\Demo\backend\node_modules\sequelize\lib\dialects\abstract\query-interface.js:407:12)
    at async Material.findAll (C:\Users\maicr\OneDrive\Desktop\Demo\backend\node_modules\sequelize\lib\model.js:1140:21)
    at async Promise.all (index 1)
    at async Material.findAndCountAll (C:\Users\maicr\OneDrive\Desktop\Demo\backend\node_modules\sequelize\lib\model.js:1322:27)
    at async MaterialSearchService.search (C:\Users\maicr\OneDrive\Desktop\Demo\backend\src\modules\materials\material\material.search.service.js:67:29)
    at async search (C:\Users\maicr\OneDrive\Desktop\Demo\backend\src\modules\materials\material\material.controller.js:6:18)\n\n2026-10-08T04:17:17.614Z\nMessage: falta una entrada para la tabla «material_code» en la cláusula FROM\nStack: Error
    at Query.run (C:\Users\maicr\OneDrive\Desktop\Demo\backend\node_modules\sequelize\lib\dialects\postgres\query.js:50:25)
    at C:\Users\maicr\OneDrive\Desktop\Demo\backend\node_modules\sequelize\lib\sequelize.js:315:28
    at process.processTicksAndRejections (node:internal/process/task_queues:104:5)
    at async PostgresQueryInterface.select (C:\Users\maicr\OneDrive\Desktop\Demo\backend\node_modules\sequelize\lib\dialects\abstract\query-interface.js:407:12)
    at async Material.findAll (C:\Users\maicr\OneDrive\Desktop\Demo\backend\node_modules\sequelize\lib\model.js:1140:21)
    at async Promise.all (index 1)
    at async Material.findAndCountAll (C:\Users\maicr\OneDrive\Desktop\Demo\backend\node_modules\sequelize\lib\model.js:1322:27)
    at async MaterialSearchService.search (C:\Users\maicr\OneDrive\Desktop\Demo\backend\src\modules\materials\material\material.search.service.js:67:29)
    at async search (C:\Users\maicr\OneDrive\Desktop\Demo\backend\src\modules\materials\material\material.controller.js:6:18)\n\n2026-10-08T04:17:19.646Z\nMessage: falta una entrada para la tabla «material_code» en la cláusula FROM\nStack: Error
    at Query.run (C:\Users\maicr\OneDrive\Desktop\Demo\backend\node_modules\sequelize\lib\dialects\postgres\query.js:50:25)
    at C:\Users\maicr\OneDrive\Desktop\Demo\backend\node_modules\sequelize\lib\sequelize.js:315:28
    at process.processTicksAndRejections (node:internal/process/task_queues:104:5)
    at async PostgresQueryInterface.select (C:\Users\maicr\OneDrive\Desktop\Demo\backend\node_modules\sequelize\lib\dialects\abstract\query-interface.js:407:12)
    at async Material.findAll (C:\Users\maicr\OneDrive\Desktop\Demo\backend\node_modules\sequelize\lib\model.js:1140:21)
    at async Promise.all (index 1)
    at async Material.findAndCountAll (C:\Users\maicr\OneDrive\Desktop\Demo\backend\node_modules\sequelize\lib\model.js:1322:27)
    at async MaterialSearchService.search (C:\Users\maicr\OneDrive\Desktop\Demo\backend\src\modules\materials\material\material.search.service.js:67:29)
    at async search (C:\Users\maicr\OneDrive\Desktop\Demo\backend\src\modules\materials\material\material.controller.js:6:18)\n\n2026-10-08T05:49:35.529Z\nMessage: falta una entrada para la tabla «material_code» en la cláusula FROM\nStack: Error
    at Query.run (C:\Users\maicr\OneDrive\Desktop\Demo\backend\node_modules\sequelize\lib\dialects\postgres\query.js:50:25)
    at C:\Users\maicr\OneDrive\Desktop\Demo\backend\node_modules\sequelize\lib\sequelize.js:315:28
    at process.processTicksAndRejections (node:internal/process/task_queues:104:5)
    at async PostgresQueryInterface.select (C:\Users\maicr\OneDrive\Desktop\Demo\backend\node_modules\sequelize\lib\dialects\abstract\query-interface.js:407:12)
    at async Material.findAll (C:\Users\maicr\OneDrive\Desktop\Demo\backend\node_modules\sequelize\lib\model.js:1140:21)
    at async Promise.all (index 1)
    at async Material.findAndCountAll (C:\Users\maicr\OneDrive\Desktop\Demo\backend\node_modules\sequelize\lib\model.js:1322:27)
    at async MaterialSearchService.search (C:\Users\maicr\OneDrive\Desktop\Demo\backend\src\modules\materials\material\material.search.service.js:67:29)
    at async search (C:\Users\maicr\OneDrive\Desktop\Demo\backend\src\modules\materials\material\material.controller.js:6:18)\n\n2026-10-08T05:49:36.561Z\nMessage: falta una entrada para la tabla «material_code» en la cláusula FROM\nStack: Error
    at Query.run (C:\Users\maicr\OneDrive\Desktop\Demo\backend\node_modules\sequelize\lib\dialects\postgres\query.js:50:25)
    at C:\Users\maicr\OneDrive\Desktop\Demo\backend\node_modules\sequelize\lib\sequelize.js:315:28
    at process.processTicksAndRejections (node:internal/process/task_queues:104:5)
    at async PostgresQueryInterface.select (C:\Users\maicr\OneDrive\Desktop\Demo\backend\node_modules\sequelize\lib\dialects\abstract\query-interface.js:407:12)
    at async Material.findAll (C:\Users\maicr\OneDrive\Desktop\Demo\backend\node_modules\sequelize\lib\model.js:1140:21)
    at async Promise.all (index 1)
    at async Material.findAndCountAll (C:\Users\maicr\OneDrive\Desktop\Demo\backend\node_modules\sequelize\lib\model.js:1322:27)
    at async MaterialSearchService.search (C:\Users\maicr\OneDrive\Desktop\Demo\backend\src\modules\materials\material\material.search.service.js:67:29)
    at async search (C:\Users\maicr\OneDrive\Desktop\Demo\backend\src\modules\materials\material\material.controller.js:6:18)\n\n2026-10-08T05:49:38.586Z\nMessage: falta una entrada para la tabla «material_code» en la cláusula FROM\nStack: Error
    at Query.run (C:\Users\maicr\OneDrive\Desktop\Demo\backend\node_modules\sequelize\lib\dialects\postgres\query.js:50:25)
    at C:\Users\maicr\OneDrive\Desktop\Demo\backend\node_modules\sequelize\lib\sequelize.js:315:28
    at process.processTicksAndRejections (node:internal/process/task_queues:104:5)
    at async PostgresQueryInterface.select (C:\Users\maicr\OneDrive\Desktop\Demo\backend\node_modules\sequelize\lib\dialects\abstract\query-interface.js:407:12)
    at async Material.findAll (C:\Users\maicr\OneDrive\Desktop\Demo\backend\node_modules\sequelize\lib\model.js:1140:21)
    at async Promise.all (index 1)
    at async Material.findAndCountAll (C:\Users\maicr\OneDrive\Desktop\Demo\backend\node_modules\sequelize\lib\model.js:1322:27)
    at async MaterialSearchService.search (C:\Users\maicr\OneDrive\Desktop\Demo\backend\src\modules\materials\material\material.search.service.js:67:29)
    at async search (C:\Users\maicr\OneDrive\Desktop\Demo\backend\src\modules\materials\material\material.controller.js:6:18)\n\n2026-10-08T05:51:47.916Z\nMessage: falta una entrada para la tabla «material_code» en la cláusula FROM\nStack: Error
    at Query.run (C:\Users\maicr\OneDrive\Desktop\Demo\backend\node_modules\sequelize\lib\dialects\postgres\query.js:50:25)
    at C:\Users\maicr\OneDrive\Desktop\Demo\backend\node_modules\sequelize\lib\sequelize.js:315:28
    at process.processTicksAndRejections (node:internal/process/task_queues:104:5)
    at async PostgresQueryInterface.select (C:\Users\maicr\OneDrive\Desktop\Demo\backend\node_modules\sequelize\lib\dialects\abstract\query-interface.js:407:12)
    at async Material.findAll (C:\Users\maicr\OneDrive\Desktop\Demo\backend\node_modules\sequelize\lib\model.js:1140:21)
    at async Promise.all (index 1)
    at async Material.findAndCountAll (C:\Users\maicr\OneDrive\Desktop\Demo\backend\node_modules\sequelize\lib\model.js:1322:27)
    at async MaterialSearchService.search (C:\Users\maicr\OneDrive\Desktop\Demo\backend\src\modules\materials\material\material.search.service.js:67:29)
    at async search (C:\Users\maicr\OneDrive\Desktop\Demo\backend\src\modules\materials\material\material.controller.js:6:18)\n\n2026-10-08T05:51:48.047Z\nMessage: falta una entrada para la tabla «material_code» en la cláusula FROM\nStack: Error
    at Query.run (C:\Users\maicr\OneDrive\Desktop\Demo\backend\node_modules\sequelize\lib\dialects\postgres\query.js:50:25)
    at C:\Users\maicr\OneDrive\Desktop\Demo\backend\node_modules\sequelize\lib\sequelize.js:315:28
    at process.processTicksAndRejections (node:internal/process/task_queues:104:5)
    at async PostgresQueryInterface.select (C:\Users\maicr\OneDrive\Desktop\Demo\backend\node_modules\sequelize\lib\dialects\abstract\query-interface.js:407:12)
    at async Material.findAll (C:\Users\maicr\OneDrive\Desktop\Demo\backend\node_modules\sequelize\lib\model.js:1140:21)
    at async Promise.all (index 1)
    at async Material.findAndCountAll (C:\Users\maicr\OneDrive\Desktop\Demo\backend\node_modules\sequelize\lib\model.js:1322:27)
    at async MaterialSearchService.search (C:\Users\maicr\OneDrive\Desktop\Demo\backend\src\modules\materials\material\material.search.service.js:67:29)
    at async search (C:\Users\maicr\OneDrive\Desktop\Demo\backend\src\modules\materials\material\material.controller.js:6:18)\n\n2026-10-08T05:53:37.787Z\nMessage: falta una entrada para la tabla «material_code» en la cláusula FROM\nStack: Error
    at Query.run (C:\Users\maicr\OneDrive\Desktop\Demo\backend\node_modules\sequelize\lib\dialects\postgres\query.js:50:25)
    at C:\Users\maicr\OneDrive\Desktop\Demo\backend\node_modules\sequelize\lib\sequelize.js:315:28
    at process.processTicksAndRejections (node:internal/process/task_queues:104:5)
    at async PostgresQueryInterface.select (C:\Users\maicr\OneDrive\Desktop\Demo\backend\node_modules\sequelize\lib\dialects\abstract\query-interface.js:407:12)
    at async Material.findAll (C:\Users\maicr\OneDrive\Desktop\Demo\backend\node_modules\sequelize\lib\model.js:1140:21)
    at async Promise.all (index 1)
    at async Material.findAndCountAll (C:\Users\maicr\OneDrive\Desktop\Demo\backend\node_modules\sequelize\lib\model.js:1322:27)
    at async MaterialSearchService.search (C:\Users\maicr\OneDrive\Desktop\Demo\backend\src\modules\materials\material\material.search.service.js:67:29)
    at async search (C:\Users\maicr\OneDrive\Desktop\Demo\backend\src\modules\materials\material\material.controller.js:6:18)\n\n2026-10-08T05:53:38.832Z\nMessage: falta una entrada para la tabla «material_code» en la cláusula FROM\nStack: Error
    at Query.run (C:\Users\maicr\OneDrive\Desktop\Demo\backend\node_modules\sequelize\lib\dialects\postgres\query.js:50:25)
    at C:\Users\maicr\OneDrive\Desktop\Demo\backend\node_modules\sequelize\lib\sequelize.js:315:28
    at process.processTicksAndRejections (node:internal/process/task_queues:104:5)
    at async PostgresQueryInterface.select (C:\Users\maicr\OneDrive\Desktop\Demo\backend\node_modules\sequelize\lib\dialects\abstract\query-interface.js:407:12)
    at async Material.findAll (C:\Users\maicr\OneDrive\Desktop\Demo\backend\node_modules\sequelize\lib\model.js:1140:21)
    at async Promise.all (index 1)
    at async Material.findAndCountAll (C:\Users\maicr\OneDrive\Desktop\Demo\backend\node_modules\sequelize\lib\model.js:1322:27)
    at async MaterialSearchService.search (C:\Users\maicr\OneDrive\Desktop\Demo\backend\src\modules\materials\material\material.search.service.js:67:29)
    at async search (C:\Users\maicr\OneDrive\Desktop\Demo\backend\src\modules\materials\material\material.controller.js:6:18)\n\n2026-10-08T05:53:40.869Z\nMessage: falta una entrada para la tabla «material_code» en la cláusula FROM\nStack: Error
    at Query.run (C:\Users\maicr\OneDrive\Desktop\Demo\backend\node_modules\sequelize\lib\dialects\postgres\query.js:50:25)
    at C:\Users\maicr\OneDrive\Desktop\Demo\backend\node_modules\sequelize\lib\sequelize.js:315:28
    at process.processTicksAndRejections (node:internal/process/task_queues:104:5)
    at async PostgresQueryInterface.select (C:\Users\maicr\OneDrive\Desktop\Demo\backend\node_modules\sequelize\lib\dialects\abstract\query-interface.js:407:12)
    at async Material.findAll (C:\Users\maicr\OneDrive\Desktop\Demo\backend\node_modules\sequelize\lib\model.js:1140:21)
    at async Promise.all (index 1)
    at async Material.findAndCountAll (C:\Users\maicr\OneDrive\Desktop\Demo\backend\node_modules\sequelize\lib\model.js:1322:27)
    at async MaterialSearchService.search (C:\Users\maicr\OneDrive\Desktop\Demo\backend\src\modules\materials\material\material.search.service.js:67:29)
    at async search (C:\Users\maicr\OneDrive\Desktop\Demo\backend\src\modules\materials\material\material.controller.js:6:18)\n\n2026-10-08T05:55:47.021Z\nMessage: falta una entrada para la tabla «material_code» en la cláusula FROM\nStack: Error
    at Query.run (C:\Users\maicr\OneDrive\Desktop\Demo\backend\node_modules\sequelize\lib\dialects\postgres\query.js:50:25)
    at C:\Users\maicr\OneDrive\Desktop\Demo\backend\node_modules\sequelize\lib\sequelize.js:315:28
    at process.processTicksAndRejections (node:internal/process/task_queues:104:5)
    at async PostgresQueryInterface.select (C:\Users\maicr\OneDrive\Desktop\Demo\backend\node_modules\sequelize\lib\dialects\abstract\query-interface.js:407:12)
    at async Material.findAll (C:\Users\maicr\OneDrive\Desktop\Demo\backend\node_modules\sequelize\lib\model.js:1140:21)
    at async Promise.all (index 1)
    at async Material.findAndCountAll (C:\Users\maicr\OneDrive\Desktop\Demo\backend\node_modules\sequelize\lib\model.js:1322:27)
    at async MaterialSearchService.search (C:\Users\maicr\OneDrive\Desktop\Demo\backend\src\modules\materials\material\material.search.service.js:67:29)
    at async search (C:\Users\maicr\OneDrive\Desktop\Demo\backend\src\modules\materials\material\material.controller.js:6:18)\n\n2026-10-08T05:55:48.061Z\nMessage: falta una entrada para la tabla «material_code» en la cláusula FROM\nStack: Error
    at Query.run (C:\Users\maicr\OneDrive\Desktop\Demo\backend\node_modules\sequelize\lib\dialects\postgres\query.js:50:25)
    at C:\Users\maicr\OneDrive\Desktop\Demo\backend\node_modules\sequelize\lib\sequelize.js:315:28
    at process.processTicksAndRejections (node:internal/process/task_queues:104:5)
    at async PostgresQueryInterface.select (C:\Users\maicr\OneDrive\Desktop\Demo\backend\node_modules\sequelize\lib\dialects\abstract\query-interface.js:407:12)
    at async Material.findAll (C:\Users\maicr\OneDrive\Desktop\Demo\backend\node_modules\sequelize\lib\model.js:1140:21)
    at async Promise.all (index 1)
    at async Material.findAndCountAll (C:\Users\maicr\OneDrive\Desktop\Demo\backend\node_modules\sequelize\lib\model.js:1322:27)
    at async MaterialSearchService.search (C:\Users\maicr\OneDrive\Desktop\Demo\backend\src\modules\materials\material\material.search.service.js:67:29)
    at async search (C:\Users\maicr\OneDrive\Desktop\Demo\backend\src\modules\materials\material\material.controller.js:6:18)\n\n2026-10-08T05:55:50.094Z\nMessage: falta una entrada para la tabla «material_code» en la cláusula FROM\nStack: Error
    at Query.run (C:\Users\maicr\OneDrive\Desktop\Demo\backend\node_modules\sequelize\lib\dialects\postgres\query.js:50:25)
    at C:\Users\maicr\OneDrive\Desktop\Demo\backend\node_modules\sequelize\lib\sequelize.js:315:28
    at process.processTicksAndRejections (node:internal/process/task_queues:104:5)
    at async PostgresQueryInterface.select (C:\Users\maicr\OneDrive\Desktop\Demo\backend\node_modules\sequelize\lib\dialects\abstract\query-interface.js:407:12)
    at async Material.findAll (C:\Users\maicr\OneDrive\Desktop\Demo\backend\node_modules\sequelize\lib\model.js:1140:21)
    at async Promise.all (index 1)
    at async Material.findAndCountAll (C:\Users\maicr\OneDrive\Desktop\Demo\backend\node_modules\sequelize\lib\model.js:1322:27)
    at async MaterialSearchService.search (C:\Users\maicr\OneDrive\Desktop\Demo\backend\src\modules\materials\material\material.search.service.js:67:29)
    at async search (C:\Users\maicr\OneDrive\Desktop\Demo\backend\src\modules\materials\material\material.controller.js:6:18)\n\n2026-10-08T05:55:54.406Z\nMessage: falta una entrada para la tabla «material_code» en la cláusula FROM\nStack: Error
    at Query.run (C:\Users\maicr\OneDrive\Desktop\Demo\backend\node_modules\sequelize\lib\dialects\postgres\query.js:50:25)
    at C:\Users\maicr\OneDrive\Desktop\Demo\backend\node_modules\sequelize\lib\sequelize.js:315:28
    at process.processTicksAndRejections (node:internal/process/task_queues:104:5)
    at async PostgresQueryInterface.select (C:\Users\maicr\OneDrive\Desktop\Demo\backend\node_modules\sequelize\lib\dialects\abstract\query-interface.js:407:12)
    at async Material.findAll (C:\Users\maicr\OneDrive\Desktop\Demo\backend\node_modules\sequelize\lib\model.js:1140:21)
    at async Promise.all (index 1)
    at async Material.findAndCountAll (C:\Users\maicr\OneDrive\Desktop\Demo\backend\node_modules\sequelize\lib\model.js:1322:27)
    at async MaterialSearchService.search (C:\Users\maicr\OneDrive\Desktop\Demo\backend\src\modules\materials\material\material.search.service.js:67:29)
    at async search (C:\Users\maicr\OneDrive\Desktop\Demo\backend\src\modules\materials\material\material.controller.js:6:18)\n\n2026-10-08T05:55:55.460Z\nMessage: falta una entrada para la tabla «material_code» en la cláusula FROM\nStack: Error
    at Query.run (C:\Users\maicr\OneDrive\Desktop\Demo\backend\node_modules\sequelize\lib\dialects\postgres\query.js:50:25)
    at C:\Users\maicr\OneDrive\Desktop\Demo\backend\node_modules\sequelize\lib\sequelize.js:315:28
    at process.processTicksAndRejections (node:internal/process/task_queues:104:5)
    at async PostgresQueryInterface.select (C:\Users\maicr\OneDrive\Desktop\Demo\backend\node_modules\sequelize\lib\dialects\abstract\query-interface.js:407:12)
    at async Material.findAll (C:\Users\maicr\OneDrive\Desktop\Demo\backend\node_modules\sequelize\lib\model.js:1140:21)
    at async Promise.all (index 1)
    at async Material.findAndCountAll (C:\Users\maicr\OneDrive\Desktop\Demo\backend\node_modules\sequelize\lib\model.js:1322:27)
    at async MaterialSearchService.search (C:\Users\maicr\OneDrive\Desktop\Demo\backend\src\modules\materials\material\material.search.service.js:67:29)
    at async search (C:\Users\maicr\OneDrive\Desktop\Demo\backend\src\modules\materials\material\material.controller.js:6:18)\n\n